
Notice: This message is not important in {{CWD}}/test/code/test_trigger_error.php on line 3

Warning: This message could be important in {{CWD}}/test/code/test_trigger_error.php on line 4

Fatal error: This message breaks the system! in {{CWD}}/test/code/test_trigger_error.php on line 5
