array(2) {
  ["bye"]=>
  string(7) "goodbye"
  ["hi"]=>
  string(5) "hello"
}
