
Fatal error: Class 'A' not found in {{CWD}}/test/code/test_class_undef.php on line 3
