hello world!Hello World!Hello World!Hello World!A
Hello PHP!
