
Parse error: syntax error, unexpected 'is' (T_STRING) in {{CWD}}/test/code/error.php on line 3
