array(3) {
  [0]=>
  object(A)#1 (1) {
    ["a"]=>
    int(10)
  }
  [1]=>
  object(A)#2 (1) {
    ["a"]=>
    int(10)
  }
  [2]=>
  object(A)#3 (1) {
    ["a"]=>
    int(10)
  }
}
