int(1)
int(0)
int(0)
2017-April-15
array(3) {
  [0]=>
  string(26) "nplurals=2; plural=n != 1;"
  [1]=>
  string(1) "2"
  [2]=>
  string(7) "n != 1;"
}
array(3) {
  [0]=>
  array(2) {
    [0]=>
    string(26) "nplurals=2; plural=n != 1;"
    [1]=>
    int(0)
  }
  [1]=>
  array(2) {
    [0]=>
    string(1) "2"
    [1]=>
    int(9)
  }
  [2]=>
  array(2) {
    [0]=>
    string(7) "n != 1;"
    [1]=>
    int(19)
  }
}
