0 -> subscriber
1 -> contributor
2 -> author
3 -> author
4 -> author
5 -> editor
6 -> editor
7 -> editor
8 -> administrator
9 -> administrator
