array(3) {
  [0]=>
  &int(100)
  [1]=>
  &int(100)
  [2]=>
  &int(100)
}
array(3) {
  [0]=>
  &int(10)
  [1]=>
  &int(10)
  [2]=>
  &int(10)
}
array(3) {
  [0]=>
  &int(10)
  [1]=>
  &int(10)
  [2]=>
  &int(10)
}
array(2) {
  [1]=>
  &int(10)
  [2]=>
  &int(10)
}
array(1) {
  [2]=>
  int(10)
}
array(0) {
}
