array(3) {
  [0]=>
  int(3)
  [1]=>
  int(6)
  [2]=>
  int(9)
}
array(3) {
  ["a"]=>
  array(3) {
    [0]=>
    int(1)
    [1]=>
    int(2)
    [2]=>
    int(3)
  }
  ["b"]=>
  array(3) {
    [0]=>
    int(2)
    [1]=>
    int(4)
    [2]=>
    int(6)
  }
  ["c"]=>
  &array(3) {
    [0]=>
    int(3)
    [1]=>
    int(6)
    [2]=>
    int(9)
  }
}
