------
DEFAULT
------
array(5) {
  [0]=>
  string(1) "0"
  [1]=>
  NULL
  [3]=>
  int(10)
  [4]=>
  string(4) "10.0"
  [5]=>
  string(3) "1e1"
}
------
STRING
------
array(5) {
  [0]=>
  string(1) "0"
  [1]=>
  NULL
  [3]=>
  int(10)
  [4]=>
  string(4) "10.0"
  [5]=>
  string(3) "1e1"
}
------
NUMERIC
------
array(2) {
  [0]=>
  string(1) "0"
  [3]=>
  int(10)
}
------
REGULAR
------
array(4) {
  [0]=>
  string(1) "0"
  [1]=>
  NULL
  [3]=>
  int(10)
  [7]=>
  string(0) ""
}
