array(3) {
  [0]=>
  int(100)
  [1]=>
  int(200)
  [2]=>
  int(300)
}
