(10) (20) hello world
(20) (40) hello world
(30) (80) hello world
