array(2) {
  [0]=>
  string(7) "/server"
  [1]=>
  int(10)
}
