class Iterator => bool(false)
class NoExist => bool(false)
class stdClass => bool(true)
