int(13)
int(0)
int(5)
int(0)
string(13) "Hallo world!
"
