
Notice: Undefined variable: a in {{CWD}}/test/code/test_class_attrs_private.php on line 6
10
