<br/>
<b>Fatal error</b>: Call to undefined function no_exist() in <b>{{CWD}}/test/code/test_error.php</b> on line <b>4</b><br/>
