
Fatal error: __clone method called on non-object in {{CWD}}/test/code/test_class_clone_typo.php on line 3
